Filtering the log data using "subsystem == "io.macfuse" OR subsystem == "com.apple.FSKit""
Timestamp               Ty Process[PID:TID]
2026-08-25 06:26:01.526 I  io.macfuse.app.xpcservice.installer[2530:46e1] [io.macfuse:installer] Install privileged helpers
2026-08-25 06:26:01.536 I  io.macfuse.app.xpcservice.installer[2530:46e3] [io.macfuse:installer] Privileged helper io.macfuse.app.launchservice.daemon is up to date
2026-08-25 06:26:01.536 I  io.macfuse.app.xpcservice.installer[2530:46e3] [io.macfuse:installer] Install file system extensions
2026-08-25 06:26:01.546 I  io.macfuse.app.xpcservice.installer[2530:46e2] [io.macfuse:installer] File system extension io.macfuse.app.fsmodule.macfuse-local already registered
2026-08-25 06:26:01.554 I  io.macfuse.app.launchservice.daemon[2311:4577] [io.macfuse:daemon] Run preflight for volume <private>
2026-08-25 06:26:01.578 I  io.macfuse.app.launchservice.daemon[2311:3ea4] [io.macfuse:daemon] Mount volume <private> on <private>
2026-08-25 06:26:01.578 I  io.macfuse.app.launchservice.daemon[2311:3ea4] [io.macfuse:daemon] Advertise server for volume <private>
2026-08-25 06:26:01.578 I  io.macfuse.app.launchservice.daemon[2311:4577] [io.macfuse:daemon] Mount volume <private>
2026-08-25 06:26:01.578 I  io.macfuse.app.launchservice.daemon[2311:4577] [io.macfuse:daemon] Activate virtual device for volume <private>
2026-08-25 06:26:02.804 I  diskarbitrationd[126:471f] [com.apple.FSKit:default] FSClient setting up connection to fskitd
2026-08-25 06:26:02.852 Df fskitd[2550:4721] [com.apple.FSKit:default] Loading modules from LS
2026-08-25 06:26:02.853 Df fskitd[2550:4721] [com.apple.FSKit:default] Returning extension types <private>
2026-08-25 06:26:02.853 Df fskitd[2550:4721] [com.apple.FSKit:default] Adding LS record <private>
2026-08-25 06:26:02.853 Df fskitd[2550:4721] [com.apple.FSKit:default] returning ep records <private>
2026-08-25 06:26:02.860 Df fskitd[2550:4721] [com.apple.FSKit:default] New module list <private>
2026-08-25 06:26:02.860 Df fskitd[2550:4721] [com.apple.FSKit:default] Old modules (null)
2026-08-25 06:26:02.860 Df fskitd[2550:4721] [com.apple.FSKit:default] Added 2 identifiers: <private>
2026-08-25 06:26:02.860 Db fskitd[2550:4722] [com.apple.FSKit:default] -[liveFilesMountServiceDelegate listener:shouldAcceptNewConnection:]: start
2026-08-25 06:26:02.861 Df fskitd[2550:4722] [com.apple.FSKit:default] Incomming connection, entitled 1
2026-08-25 06:26:02.861 Db fskitd[2550:4722] [com.apple.FSKit:default] -[liveFilesMountServiceDelegate listener:shouldAcceptNewConnection:]: accepting connection
2026-08-25 06:26:02.861 Df fskitd[2550:4722] [com.apple.FSKit:default] Hello FSClient! entitlement yes
2026-08-25 06:26:02.861 Df diskarbitrationd[126:471f] [com.apple.FSKit:default] Setting remote protocol to all XPC
2026-08-25 06:26:02.861 I  fskitd[2550:4722] [com.apple.FSKit:default] Getting extensions
2026-08-25 06:26:02.861 Df fskitd[2550:4722] [com.apple.FSKit:default] About to get current agent for 501
2026-08-25 06:26:02.861 I  fskitd[2550:4722] [com.apple.FSKit:default] About to call to fskit_agent
2026-08-25 06:26:02.917 Df fskit_agent[2551:4725] [com.apple.FSKit:default] Loading modules from LS
2026-08-25 06:26:02.919 Df fskit_agent[2551:4725] [com.apple.FSKit:default] Returning extension types <private>
2026-08-25 06:26:02.919 Df fskit_agent[2551:4725] [com.apple.FSKit:default] Adding LS record <private>
2026-08-25 06:26:02.919 Df fskit_agent[2551:4725] [com.apple.FSKit:default] returning ep records <private>
2026-08-25 06:26:02.928 Df fskit_agent[2551:4725] [com.apple.FSKit:default] New module list <private>
2026-08-25 06:26:02.928 Df fskit_agent[2551:4725] [com.apple.FSKit:default] Old modules (null)
2026-08-25 06:26:02.928 Df fskit_agent[2551:4725] [com.apple.FSKit:default] Added 3 identifiers: <private>
2026-08-25 06:26:02.928 Db fskit_agent[2551:4726] [com.apple.FSKit:default] -[fskitAgentListenerDelegate listener:shouldAcceptNewConnection:]: start
2026-08-25 06:26:02.929 Db fskit_agent[2551:4726] [com.apple.FSKit:default] -[fskitAgentListenerDelegate listener:shouldAcceptNewConnection:]: accepting connection
2026-08-25 06:26:02.929 I  fskit_agent[2551:4727] [com.apple.FSKit:default] Getting extensions
2026-08-25 06:26:02.936 I  diskarbitrationd[126:4729] [com.apple.FSKit:default] FSClient setting up connection to fskitd
2026-08-25 06:26:02.936 Db fskitd[2550:4723] [com.apple.FSKit:default] -[liveFilesMountServiceDelegate listener:shouldAcceptNewConnection:]: start
2026-08-25 06:26:02.936 Df fskitd[2550:4723] [com.apple.FSKit:default] Incomming connection, entitled 1
2026-08-25 06:26:02.936 Db fskitd[2550:4723] [com.apple.FSKit:default] -[liveFilesMountServiceDelegate listener:shouldAcceptNewConnection:]: accepting connection
2026-08-25 06:26:02.937 Df fskitd[2550:4723] [com.apple.FSKit:default] Hello FSClient! entitlement yes
2026-08-25 06:26:02.937 Df diskarbitrationd[126:4729] [com.apple.FSKit:default] Setting remote protocol to all XPC
2026-08-25 06:26:02.937 I  fskitd[2550:4723] [com.apple.FSKit:default] Probe starting on <private>
2026-08-25 06:26:02.937 Db fskitd[2550:4723] [com.apple.FSKit:default] -[FSResourceManager getResourceState:]:not_found:<private>
2026-08-25 06:26:02.937 Db fskitd[2550:4723] [com.apple.FSKit:default] -[FSResourceManager addTaskUUID:resource:]:<private>: Adding task (<private>)
2026-08-25 06:26:02.937 Db fskitd[2550:4723] [com.apple.FSKit:default] applyResource starting with resource <private> kind 1
2026-08-25 06:26:02.938 Df fskitd[2550:4723] [com.apple.FSKit:default] About to get current agent for 501
2026-08-25 06:26:02.938 I  fskitd[2550:4723] [com.apple.FSKit:default] About to call to fskit_agent
2026-08-25 06:26:02.938 I  fskit_agent[2551:4727] [com.apple.FSKit:default] Getting extensions
2026-08-25 06:26:02.939 Db fskitd[2550:4723] [com.apple.FSKit:default] -[fskitdXPCServer getExtensionModuleFromID:forToken:]_block_invoke: Found extension <private>, attrs <private>
2026-08-25 06:26:02.939 Df fskitd[2550:4723] [com.apple.FSKit:default] About to get current agent for 501
2026-08-25 06:26:02.939 I  fskitd[2550:4723] [com.apple.FSKit:default] About to call to fskit_agent, bundle ID <private>, instanceUUID <private>
2026-08-25 06:26:02.940 I  fskit_agent[2551:4727] [com.apple.FSKit:default] Starting startExtension:
2026-08-25 06:26:02.940 I  fskit_agent[2551:4727] [com.apple.FSKit:default] About to start proc for instance uuid <private>, moduleID <private>
2026-08-25 06:26:03.003 Df fskitd[2550:4723] [com.apple.FSKit:default] About to grab assertion on pid 2553
2026-08-25 06:26:03.006 Db fskitd[2550:4723] [com.apple.FSKit:default] +[FSBlockDeviceResource(Project) openWithBSDName:writable:auditToken:replyHandler:]:bsdName:<private>
2026-08-25 06:26:03.007 Db fskit_helper[2338:3c9c] [com.apple.FSKit:default] FSKitHelper:connection:accept
2026-08-25 06:26:03.007 I  fskit_helper[2338:3c9c] [com.apple.FSKit:default] FSKitHelper:message:processing:start
2026-08-25 06:26:03.008 I  fskit_helper[2338:3c9c] [com.apple.FSKit:default] FSKitHelper:message:processing:open:<private>:flags:0:uid:0:gid:0
2026-08-25 06:26:03.008 I  fskit_helper[2338:3c9c] [com.apple.FSKit:default] FSKitHelper:message:processing:done
2026-08-25 06:26:03.008 Db fskitd[2550:4723] [com.apple.FSKit:default] +[FSBlockDeviceResource(Project) openWithBSDName:writable:auditToken:replyHandler:]_block_invoke: created a block device resource sucessfully
2026-08-25 06:26:03.008 Db fskitd[2550:4723] [com.apple.FSKit:default] +[FSBlockDeviceResource(Project) openWithBSDName:writable:auditToken:replyHandler:]: Setting dispatch queue (<private>) for notification port
2026-08-25 06:26:03.009 Db fskitd[2550:4723] [com.apple.FSKit:default] +[FSBlockDeviceResource(Project) openWithBSDName:writable:auditToken:replyHandler:]: Added IOKit notification callback sucessfully
2026-08-25 06:26:03.009 Db fskitd[2550:4723] [com.apple.FSKit:default] +[FSBlockDeviceResource(Project) openWithBSDName:writable:auditToken:replyHandler:]:end
2026-08-25 06:26:03.010 I  fskitd[2550:4723] [com.apple.FSKit:default] openWith returned err (null) dev <private>
2026-08-25 06:26:03.010 Db fskitd[2550:4723] [com.apple.FSKit:default] -[fskitdXPCServer getRealResource:auditToken:reply:]: Updating resource in resource manager <private>
2026-08-25 06:26:03.010 Db fskitd[2550:4723] [com.apple.FSKit:default] -[FSResourceManager updateResource:]:start:<private>
2026-08-25 06:26:03.010 Df fskit_agent[2551:4726] [com.apple.FSKit:default] -[fskitAgentConnectionDelegate getNSXPCListenerEndpoint:instanceID:replyHandler:] looking for instance <private>, got <private>
2026-08-25 06:26:03.010 Db fskitd[2550:4723] [com.apple.FSKit:default] -[FSResourceManager updateResource:]:end:<private>
2026-08-25 06:26:03.010 Df fskitd[2550:4723] [com.apple.FSKit:default] About to get current agent for 501
2026-08-25 06:26:03.010 I  fskitd[2550:4723] [com.apple.FSKit:default] About to call to fskit_agent
2026-08-25 06:26:03.010 Df fskit_agent[2551:4726] [com.apple.FSKit:default] Starting new connection, got conn <private> error (null)
2026-08-25 06:26:03.010 Df fskit_agent[2551:4726] [com.apple.FSKit:default] About to fetch endpoint
2026-08-25 06:26:03.030 Db com.apple.fskit.exfat[2553:4736] [com.apple.FSKit:default] FSModule initial setup
2026-08-25 06:26:03.031 Df com.apple.fskit.exfat[2553:4736] [com.apple.FSKit:default] Have delegate, class <private>
2026-08-25 06:26:03.031 I  com.apple.fskit.exfat[2553:4736] [com.apple.FSKit:default] Got delegate '<private>' conformance N 0 S 1 Maintenance 1 URL 0 isConformantFS 1
2026-08-25 06:26:03.031 Df com.apple.fskit.exfat[2553:4736] [com.apple.FSKit:default] file system extension backpointer loaded
2026-08-25 06:26:03.031 Df com.apple.fskit.exfat[2553:4736] [com.apple.FSKit:default] -[FSModuleExtension didFinishLaunching]: Created FSMachPort = 11783
2026-08-25 06:26:03.032 Db com.apple.fskit.exfat[2553:473b] [com.apple.FSKit:default] -[FSModuleExtension fskitdIsClient:]: connection application identifier (<private>)
2026-08-25 06:26:03.032 Df com.apple.fskit.exfat[2553:473b] [com.apple.FSKit:default] -[FSModuleExtension(Project) shouldAcceptConnection:] returning YES
2026-08-25 06:26:03.032 Df com.apple.fskit.exfat[2553:473b] [com.apple.FSKit:default] Set secondary listener up <private>
2026-08-25 06:26:03.032 Df com.apple.fskit.exfat[2553:473b] [com.apple.FSKit:default] getModuleListenerEndpoint got listener <private>
2026-08-25 06:26:03.033 Df fskit_agent[2551:472a] [com.apple.FSKit:default] endpoint fetch got endpoint <private> error (null)
2026-08-25 06:26:03.033 Df fskitd[2550:4722] [com.apple.FSKit:default] Got ep <private> error (null)
2026-08-25 06:26:03.033 Df fskitd[2550:4723] [com.apple.FSKit:default] non-ours instance connection got <private>
2026-08-25 06:26:03.033 Df fskitd[2550:4723] [com.apple.FSKit:default] About to talk to the connection for <private>
2026-08-25 06:26:03.033 Db com.apple.fskit.exfat[2553:473b] [com.apple.FSKit:default] -[FSModuleExtension fskitdIsClient:]: connection application identifier (<private>)
2026-08-25 06:26:03.033 Df com.apple.fskit.exfat[2553:473b] [com.apple.FSKit:default] -[FSModuleExtension(Project) shouldAcceptConnection:] returning YES
2026-08-25 06:26:03.034 Df com.apple.fskit.exfat[2553:473b] [com.apple.FSKit:default] FSModuleExtension.checkIn:extensionID:<private>
2026-08-25 06:26:03.034 Df com.apple.fskit.exfat[2553:473b] [com.apple.FSKit:default] FSModuleExtension.checkIn returning (null)
2026-08-25 06:26:03.034 Db fskitd[2550:4723] [com.apple.FSKit:default] -[FSResourceManager addResource:]:start:<private>
2026-08-25 06:26:03.034 Db fskitd[2550:4723] [com.apple.FSKit:default] -[FSResourceManager addResource:]: Resource <private>, already exists
2026-08-25 06:26:03.034 Db fskitd[2550:4723] [com.apple.FSKit:default] -[fskitdXPCServer getInitiatorBundleIDForToken:]:end:not:found
2026-08-25 06:26:03.034 Db fskitd[2550:4723] [com.apple.FSKit:default] -[fskitdXPCServer getInitiatorSigningIDForToken:]: SecTaskCopySigningIdentifier:com.apple.diskarbitrationd
2026-08-25 06:26:03.034 Df com.apple.fskit.exfat[2553:473b] [com.apple.FSKit:default] Successful dynamic cast of resource to bd. Got fd 3
2026-08-25 06:26:03.035 Df com.apple.fskit.exfat[2553:473b] [com.apple.FSKit:default] readFirstSectorAndLog reading from 3 got rv 512 error (null)
2026-08-25 06:26:03.035 Df com.apple.fskit.exfat[2553:473b] [com.apple.FSKit:default] Successful read, first characters 0000:0000
2026-08-25 06:26:03.035 Df com.apple.fskit.exfat[2553:473b] [com.apple.FSKit:default] -[exfatFileSystem probeResource:replyHandler:]: device matches!
2026-08-25 06:26:03.036 Df com.apple.fskit.exfat[2553:473b] [com.apple.FSKit:default] Returning <private>
2026-08-25 06:26:03.036 Db com.apple.fskit.exfat[2553:473b] [com.apple.FSKit:default] -[FSModuleConnector sendCloseResource:]:start:resource(<private>)
2026-08-25 06:26:03.036 Db fskitd[2550:4739] [com.apple.FSKit:default] -[fskitdExtensionClient closeResource:replyHandler:]:start:resource(<private>)
2026-08-25 06:26:03.036 Db com.apple.fskit.exfat[2553:473b] [com.apple.FSKit:default] -[FSModuleConnector sendCloseResource:]:end
2026-08-25 06:26:03.036 Db fskitd[2550:4739] [com.apple.FSKit:default] +[fskitdExtensionClient closeResource:andRevoke:]:start:resource:<private>
2026-08-25 06:26:03.036 Db fskitd[2550:4739] [com.apple.FSKit:default] -[FSResourceManager removeResource:]:start:<private>
2026-08-25 06:26:03.036 Db fskitd[2550:4739] [com.apple.FSKit:default] -[fskitdExtensionClient closeResource:replyHandler:]:end:resource(<private>)
2026-08-25 06:26:03.036 I  fskitd[2550:4739] [com.apple.FSKit:default] Got task update id <private> state 3 purpose FSTaskProbe
2026-08-25 06:26:03.037 I  fskitd[2550:4739] [com.apple.FSKit:default] Setup main DA session, <private>
2026-08-25 06:26:03.038 Db fskitd[2550:4723] [com.apple.FSKit:default] -[fskitdXPCServer _probeResource:usingBundle:auditToken:replyHandler:]_block_invoke: Remove resourceID (<private>) from the FSModuleHost.defaultInstanceUUID instance
2026-08-25 06:26:03.038 Db fskitd[2550:4723] [com.apple.FSKit:default] -[FSBlockDeviceResource releaseNotification]:released
2026-08-25 06:26:03.038 I  diskarbitrationd[126:473c] [com.apple.FSKit:default] FSClient setting up connection to fskitd
2026-08-25 06:26:03.038 Db fskitd[2550:4722] [com.apple.FSKit:default] -[liveFilesMountServiceDelegate listener:shouldAcceptNewConnection:]: start
2026-08-25 06:26:03.038 Df fskitd[2550:4722] [com.apple.FSKit:default] Incomming connection, entitled 1
2026-08-25 06:26:03.038 Db fskitd[2550:4722] [com.apple.FSKit:default] -[liveFilesMountServiceDelegate listener:shouldAcceptNewConnection:]: accepting connection
2026-08-25 06:26:03.038 Df fskitd[2550:4722] [com.apple.FSKit:default] Hello FSClient! entitlement yes
2026-08-25 06:26:03.039 Df diskarbitrationd[126:473c] [com.apple.FSKit:default] Setting remote protocol to all XPC
2026-08-25 06:26:03.039 I  fskitd[2550:4722] [com.apple.FSKit:default] Probe starting on <private>
2026-08-25 06:26:03.039 Db fskitd[2550:4722] [com.apple.FSKit:default] -[FSResourceManager getResourceState:]:not_found:<private>
2026-08-25 06:26:03.039 Db fskitd[2550:4722] [com.apple.FSKit:default] -[FSResourceManager addTaskUUID:resource:]:<private>: Adding task (<private>)
2026-08-25 06:26:03.039 I  fskit_agent[2551:472a] [com.apple.FSKit:default] Getting extensions
2026-08-25 06:26:03.039 Db fskitd[2550:4722] [com.apple.FSKit:default] applyResource starting with resource <private> kind 1
2026-08-25 06:26:03.039 Df fskitd[2550:4722] [com.apple.FSKit:default] About to get current agent for 501
2026-08-25 06:26:03.039 I  fskitd[2550:4722] [com.apple.FSKit:default] About to call to fskit_agent
2026-08-25 06:26:03.040 Db fskitd[2550:4722] [com.apple.FSKit:default] -[fskitdXPCServer getExtensionModuleFromID:forToken:]_block_invoke: Found extension <private>, attrs <private>
2026-08-25 06:26:03.040 Df fskitd[2550:4722] [com.apple.FSKit:default] About to get current agent for 501
2026-08-25 06:26:03.040 I  fskit_agent[2551:472a] [com.apple.FSKit:default] Starting startExtension:
2026-08-25 06:26:03.040 I  fskitd[2550:4722] [com.apple.FSKit:default] About to call to fskit_agent, bundle ID <private>, instanceUUID <private>
2026-08-25 06:26:03.040 I  fskit_agent[2551:472a] [com.apple.FSKit:default] About to start proc for instance uuid <private>, moduleID <private>
2026-08-25 06:26:03.067 Df fskitd[2550:4722] [com.apple.FSKit:default] About to grab assertion on pid 2554
2026-08-25 06:26:03.067 Db fskitd[2550:4722] [com.apple.FSKit:default] +[FSBlockDeviceResource(Project) openWithBSDName:writable:auditToken:replyHandler:]:bsdName:<private>
2026-08-25 06:26:03.068 Db fskit_helper[2338:3c9c] [com.apple.FSKit:default] FSKitHelper:connection:accept
2026-08-25 06:26:03.068 I  fskit_helper[2338:3c9c] [com.apple.FSKit:default] FSKitHelper:message:processing:start
2026-08-25 06:26:03.068 I  fskit_helper[2338:3c9c] [com.apple.FSKit:default] FSKitHelper:message:processing:open:<private>:flags:0:uid:0:gid:0
2026-08-25 06:26:03.069 I  fskit_helper[2338:3c9c] [com.apple.FSKit:default] FSKitHelper:message:processing:done
2026-08-25 06:26:03.069 Db fskitd[2550:4722] [com.apple.FSKit:default] +[FSBlockDeviceResource(Project) openWithBSDName:writable:auditToken:replyHandler:]_block_invoke: created a block device resource sucessfully
2026-08-25 06:26:03.069 Db fskitd[2550:4722] [com.apple.FSKit:default] +[FSBlockDeviceResource(Project) openWithBSDName:writable:auditToken:replyHandler:]: Setting dispatch queue (<private>) for notification port
2026-08-25 06:26:03.070 Db fskitd[2550:4722] [com.apple.FSKit:default] +[FSBlockDeviceResource(Project) openWithBSDName:writable:auditToken:replyHandler:]: Added IOKit notification callback sucessfully
2026-08-25 06:26:03.070 Db fskitd[2550:4722] [com.apple.FSKit:default] +[FSBlockDeviceResource(Project) openWithBSDName:writable:auditToken:replyHandler:]:end
2026-08-25 06:26:03.070 I  fskitd[2550:4722] [com.apple.FSKit:default] openWith returned err (null) dev <private>
2026-08-25 06:26:03.070 Db fskitd[2550:4722] [com.apple.FSKit:default] -[fskitdXPCServer getRealResource:auditToken:reply:]: Updating resource in resource manager <private>
2026-08-25 06:26:03.070 Db fskitd[2550:4722] [com.apple.FSKit:default] -[FSResourceManager updateResource:]:start:<private>
2026-08-25 06:26:03.070 Db fskitd[2550:4722] [com.apple.FSKit:default] -[FSResourceManager updateResource:]:end:<private>
2026-08-25 06:26:03.071 Df fskit_agent[2551:472a] [com.apple.FSKit:default] -[fskitAgentConnectionDelegate getNSXPCListenerEndpoint:instanceID:replyHandler:] looking for instance <private>, got <private>
2026-08-25 06:26:03.070 Df fskitd[2550:4722] [com.apple.FSKit:default] About to get current agent for 501
2026-08-25 06:26:03.070 I  fskitd[2550:4722] [com.apple.FSKit:default] About to call to fskit_agent
2026-08-25 06:26:03.071 Df fskit_agent[2551:472a] [com.apple.FSKit:default] Starting new connection, got conn <private> error (null)
2026-08-25 06:26:03.071 Df fskit_agent[2551:472a] [com.apple.FSKit:default] About to fetch endpoint
2026-08-25 06:26:03.090 Db com.apple.fskit.msdos[2554:473e] [com.apple.FSKit:default] FSModule initial setup
2026-08-25 06:26:03.091 Df com.apple.fskit.msdos[2554:473e] [com.apple.FSKit:default] Have delegate, class <private>
2026-08-25 06:26:03.091 I  com.apple.fskit.msdos[2554:473e] [com.apple.FSKit:default] Got delegate '<private>' conformance N 0 S 1 Maintenance 1 URL 0 isConformantFS 1
2026-08-25 06:26:03.091 Df com.apple.fskit.msdos[2554:473e] [com.apple.FSKit:default] file system extension backpointer loaded
2026-08-25 06:26:03.091 Df com.apple.fskit.msdos[2554:473e] [com.apple.FSKit:default] -[FSModuleExtension didFinishLaunching]: Created FSMachPort = 15623
2026-08-25 06:26:03.091 Db com.apple.fskit.msdos[2554:4742] [com.apple.FSKit:default] -[FSModuleExtension fskitdIsClient:]: connection application identifier (<private>)
2026-08-25 06:26:03.092 Df com.apple.fskit.msdos[2554:4742] [com.apple.FSKit:default] -[FSModuleExtension(Project) shouldAcceptConnection:] returning YES
2026-08-25 06:26:03.092 Df com.apple.fskit.msdos[2554:4742] [com.apple.FSKit:default] Set secondary listener up <private>
2026-08-25 06:26:03.092 Df com.apple.fskit.msdos[2554:4742] [com.apple.FSKit:default] getModuleListenerEndpoint got listener <private>
2026-08-25 06:26:03.092 Df fskit_agent[2551:472b] [com.apple.FSKit:default] endpoint fetch got endpoint <private> error (null)
2026-08-25 06:26:03.093 Df fskitd[2550:4739] [com.apple.FSKit:default] Got ep <private> error (null)
2026-08-25 06:26:03.093 Df fskitd[2550:4722] [com.apple.FSKit:default] non-ours instance connection got <private>
2026-08-25 06:26:03.093 Df fskitd[2550:4722] [com.apple.FSKit:default] About to talk to the connection for <private>
2026-08-25 06:26:03.093 Db com.apple.fskit.msdos[2554:4742] [com.apple.FSKit:default] -[FSModuleExtension fskitdIsClient:]: connection application identifier (<private>)
2026-08-25 06:26:03.093 Df com.apple.fskit.msdos[2554:4742] [com.apple.FSKit:default] -[FSModuleExtension(Project) shouldAcceptConnection:] returning YES
2026-08-25 06:26:03.093 Df com.apple.fskit.msdos[2554:4742] [com.apple.FSKit:default] FSModuleExtension.checkIn:extensionID:<private>
2026-08-25 06:26:03.093 Df com.apple.fskit.msdos[2554:4742] [com.apple.FSKit:default] FSModuleExtension.checkIn returning (null)
2026-08-25 06:26:03.093 Db fskitd[2550:4722] [com.apple.FSKit:default] -[FSResourceManager addResource:]:start:<private>
2026-08-25 06:26:03.093 Db fskitd[2550:4722] [com.apple.FSKit:default] -[FSResourceManager addResource:]: Resource <private>, already exists
2026-08-25 06:26:03.094 Db fskitd[2550:4722] [com.apple.FSKit:default] -[fskitdXPCServer getInitiatorBundleIDForToken:]:end:not:found
2026-08-25 06:26:03.094 Db fskitd[2550:4722] [com.apple.FSKit:default] -[fskitdXPCServer getInitiatorSigningIDForToken:]: SecTaskCopySigningIdentifier:com.apple.diskarbitrationd
2026-08-25 06:26:03.094 Df com.apple.fskit.msdos[2554:4742] [com.apple.FSKit:default] Successful dynamic cast of resource to bd. Got fd 3
2026-08-25 06:26:03.095 Df com.apple.fskit.msdos[2554:4742] [com.apple.FSKit:default] readFirstSectorAndLog reading from 3 got rv 512 error (null)
2026-08-25 06:26:03.095 Df com.apple.fskit.msdos[2554:4742] [com.apple.FSKit:default] Successful read, first characters 0000:0000
2026-08-25 06:26:03.095 Df com.apple.fskit.msdos[2554:4742] [com.apple.FSKit:default] Returning <private>
2026-08-25 06:26:03.095 Db com.apple.fskit.msdos[2554:4742] [com.apple.FSKit:default] -[FSModuleConnector sendCloseResource:]:start:resource(<private>)
2026-08-25 06:26:03.095 Db fskitd[2550:4723] [com.apple.FSKit:default] -[fskitdExtensionClient closeResource:replyHandler:]:start:resource(<private>)
2026-08-25 06:26:03.095 Db fskitd[2550:4723] [com.apple.FSKit:default] +[fskitdExtensionClient closeResource:andRevoke:]:start:resource:<private>
2026-08-25 06:26:03.096 Db com.apple.fskit.msdos[2554:4742] [com.apple.FSKit:default] -[FSModuleConnector sendCloseResource:]:end
2026-08-25 06:26:03.096 Db fskitd[2550:4723] [com.apple.FSKit:default] -[FSResourceManager removeResource:]:start:<private>
2026-08-25 06:26:03.096 Db fskitd[2550:4723] [com.apple.FSKit:default] -[fskitdExtensionClient closeResource:replyHandler:]:end:resource(<private>)
2026-08-25 06:26:03.096 I  fskitd[2550:4723] [com.apple.FSKit:default] Got task update id <private> state 3 purpose FSTaskProbe
2026-08-25 06:26:03.096 Db fskitd[2550:4722] [com.apple.FSKit:default] -[fskitdXPCServer _probeResource:usingBundle:auditToken:replyHandler:]_block_invoke: Remove resourceID (<private>) from the FSModuleHost.defaultInstanceUUID instance
2026-08-25 06:26:03.096 Db fskitd[2550:4722] [com.apple.FSKit:default] -[FSBlockDeviceResource releaseNotification]:released
2026-08-25 06:26:03.148 I  io.macfuse.app.launchservice.daemon[2311:4577] [io.macfuse:daemon] Activated device <private> for volume <private>
2026-08-25 06:26:03.148 I  io.macfuse.app.launchservice.daemon[2311:4577] [io.macfuse:daemon] Mount <private>
2026-08-25 06:26:03.194 I  mount[2556:474c] [com.apple.FSKit:default] FSClient setting up connection to fskitd
2026-08-25 06:26:03.195 Db fskitd[2550:4723] [com.apple.FSKit:default] -[liveFilesMountServiceDelegate listener:shouldAcceptNewConnection:]: start
2026-08-25 06:26:03.195 Df fskitd[2550:4723] [com.apple.FSKit:default] Incomming connection, entitled 0
2026-08-25 06:26:03.195 Db fskitd[2550:4723] [com.apple.FSKit:default] -[liveFilesMountServiceDelegate listener:shouldAcceptNewConnection:]: accepting connection
2026-08-25 06:26:03.196 Df fskitd[2550:4723] [com.apple.FSKit:default] Hello FSClient! entitlement no
2026-08-25 06:26:03.196 Df mount[2556:474c] [com.apple.FSKit:default] Setting remote protocol to all XPC
2026-08-25 06:26:03.196 Df fskitd[2550:4723] [com.apple.FSKit:default] Getting own modules
2026-08-25 06:26:03.196 Df fskitd[2550:4723] [com.apple.FSKit:default] Returning module array <private>
2026-08-25 06:26:03.198 E  io.macfuse.app.launchservice.daemon[2311:3ea4] [io.macfuse:daemon] Failed to mount volume <private>: Error Domain=MFDaemon.MountError Code=4
2026-08-25 06:26:03.198 I  io.macfuse.app.launchservice.daemon[2311:3ea4] [io.macfuse:daemon] Deactivating virtual device <private>
2026-08-25 06:26:03.220 I  io.macfuse.app.launchservice.daemon[2311:3ea4] [io.macfuse:daemon] Detach virtual device
2026-08-25 06:26:03.262 I  io.macfuse.app.launchservice.daemon[2311:4577] [io.macfuse:daemon] Remove disk image <private>
2026-08-25 06:26:11.635 E  io.macfuse.app.launchservice.daemon[2311:46ea] [io.macfuse:daemon] Failed to advertise server for volume <private>: Error Domain=MFDaemon.Broker<Foundation.UUID, (__C.OS_xpc_object, MFDaemon.MountOptions)>.Error Code=1
2026-08-25 06:26:13.297 Df fskit_agent[2551:4727] [com.apple.FSKit:default] fskit_agent exiting as fskitd died
2026-08-25 06:26:17.173 E  LoopbackFS3[2528:46d8] [io.macfuse:mount] File system extension not enabled
